// Jest Snapshot v1, https://goo.gl/fbAQLP

exports[`control:  PostCSS API 1`] = `
".test::-webkit-scrollbar {
  width: 7px;
  height: 7px;
}
.test {
  -ms-overflow-style: auto;
  scrollbar-width: thin;
}"
`;

exports[`control:  PostCSS legacy API 1`] = `
".test::-webkit-scrollbar {
  width: 7px;
  height: 7px;
}
.test {
  -ms-overflow-style: auto;
  scrollbar-width: thin;
}"
`;

exports[`control:  no options 1`] = `
".test::-webkit-scrollbar {
  width: 7px;
  height: 7px;
}
.test {
  -ms-overflow-style: auto;
  scrollbar-width: thin;
}"
`;

exports[`control:  with options 1`] = `
".test::-webkit-scrollbar {
  width: 7px;
  height: 7px;
}
.test {
  -ms-overflow-style: auto;
  scrollbar-width: thin;
}"
`;
